{
  "aio": {
    "master": {
      "uncompressed": {
        "runtime-es2015": 3033,
        "main-es2015": 448427,
        "polyfills-es2015": 52343
      }
    }
  },
  "aio-local": {
    "master": {
      "uncompressed": {
        "runtime-es2015": 3033,
        "main-es2015": 448936,
        "polyfills-es2015": 52493
      }
    }
  },
  "aio-local-viewengine": {
    "master": {
      "uncompressed": {
        "runtime-es2015": 3153,
        "main-es2015": 434502,
        "polyfills-es2015": 52493
      }
    }
  }
}
